Maps/earthloo.png
50
50
                   X          X                   |
                   X          X                   |
                   XXXXXXXXXXXXXXXXXXX            |
                  XX                  XXXX        |
              XXXX                        X       |
           XXX    XX    XXXXX        XX    XXX    |
       XXXX       XX   XXXXXXX       XX       XXXX|
   XXXX   XX          XXXXXXXX  XX             X  |
  X       XX          XXXXXXXX  XX    XX XXXXX X  |
XX                    XXXX XXX      X XX XXXXX X  |
  X                               XX     XXXXX X  |
  X           XXXXX               XX XX  XX XX X  |
  X XXXX     XXXXXXX                 XX  X   X X  |
  X XXXX    XX   XXXX            XXXX    XX XX X  |
  X XX X   XX    XX XX           XXXXX       X X  |
  X XX    XX         X  X   X   X XX XXX     X X  |
  X       XXX  XX    X        XXX     XXX      X  |
  X       XXX XXXX    X      XXX      X XXXXXXXXXX|
  XX      X   XXXXX   XXXX XXX           XXXXXXXX |
  XX       X  XXXXXX   XXX XX                  X  |
  X        XXX XXXXX            XXXXXXXXXXXXXX X  |
  X         XX  XXXXXX          XXXXXXXX     X X  |
  XXXXX      X  XXX XX       XX   XXXXXX     X X  |
  XXXXXX     XXX      XXX    XX   X XX X     X X  |
  XXXXXX  XX XXX      XXXX          X        X X  |
  X       XX XXXX XXX X XX          X        X X  |
  X          XXXX XXX               X        X X  |
  X      X    X X X X         XXXXX XXXXXXXXXX X  |
  X XX        X               XXXXX            X  |
  X XX       X                XXXXXX        X  X  |
  X   XX     X                XX XXX  XXX   X  X X|
  X   XX    X                         XXXX    XXX |
  X        XX                         X XX    X   |
  X XXXX XXX X                                X   |
XXXXXXXX XX                                  X    |
XXXX  X                                     X     |
      X     XX                              X     |
XXXX  XXXX  XX    X          X        XX    X     |
    XX   X       XXX        XXX       XX    X     |
      XX XX      XXX        XXX   XX        X     |
        X X                       XX     XXX      |
         XXXXXXXX                       X         |
                X                 XXXXXX          |
                X                X                |
                XXXXXXX XXXXXX   X                |
                 X           XXXX                 |
                 X           X                    |
                 XXXX    XXXX                     |
                 X          X                     |
                 X          X                     |