1 Sprites/Tilesets/grass.png
2 Sprites/Tilesets/tree.png
end
69
69
1 true
1 true
1 true
1-2 false
1 true
1 true
1 true
1 true
1 true
1 true
1-2 false
1 true
1 true
1 true
1 true
1 true
1 true
1 true
1 true
1 true
1 true
1-2 false
1-2 false
1 true
1 true
1 true
1 true
1 true
1 true
1 true
1 true
1 true
1 true
1 true
1 true
1 true
1 true
1 true
1 true
1 true
1-2 false
1 true
1 true
1 true
1 true
1 true
1 true
1 true
1 true
1 true
1 true
1 true
1 true
1 true
1 true
1 true
1 true
1 true
1 true
1 true
1 true
1 true
1 true
1 true
1 true
1-2 false
1 true
1 true
1 true
1 true
1 true
1-2 false
1 true
1 true
1 true
1 true
1-2 false
1-2 false
1 true
1 true
1 true
1 true
1 true
1 true
1 true
1 true
1 true
1 true
1 true
1-2 false
1 true
1 true
1 true
1 true
1 true
1 true
1 true
1 true
1 true
1 true
1 true
1 true
1 true
1 true
1-2 false
1 true
1 true
1-2 false
1 true
1 true
1 true
1 true
1 true
1 true
1 true
1 true
1 true
1 true
1 true
1 true
1 true
1 true
1 true
1 true
1 true
1 true
1 true
1 true
1 true
1 true
1 true
1 true
1 true
1 true
1 true
1 true
1-2 false
1 true
1-2 false
1 true
1 true
1 true
1 true
1 true
1 true
1-2 false
1-2 false
1 true
1 true
1 true
1 true
1 true
1-2 false
1 true
1 true
1 true
1-2 false
1 true
1 true
1 true
1 true
1 true
1 true
1 true
1 true
1 true
1 true
1 true
1-2 false
1 true
1 true
1 true
1 true
1 true
1 true
1 true
1 true
1 true
1 true
1 true
1 true
1 true
1 true
1 true
1 true
1 true
1-2 false
1 true
1 true
1 true
1 true
1 true
1 true
1 true
1-2 false
1 true
1 true
1 true
1 true
1 true
1-2 false
1 true
1 true
1 true
1-2 false
1 true
1 true
1 true
1 true
1-2 false
1 true
1-2 false
1 true
1-2 false
1 true
1-2 false
1 true
1 true
1 true
1 true
1 true
1 true
1 true
1-2 false
1 true
1-2 false
1 true
1 true
1 true
1 true
1 true
1 true
1 true
1 true
1-2 false
1 true
1 true
1 true
1 true
1 true
1 true
1 true
1 true
1 true
1 true
1 true
1 true
1 true
1 true
1 true
1-2 false
1 true
1 true
1 true
1 true
1 true
1 true
1 true
1 true
1 true
1 true
1 true
1 true
1 true
1 true
1 true
1 true
1 true
1 true
1 true
1 true
1 true
1 true
1 true
1 true
1 true
1-2 false
1 true
1-2 false
1 true
1 true
1 true
1-2 false
1 true
1 true
1 true
1-2 false
1 true
1 true
1 true
1 true
1 true
1 true
1 true
1 true
1 true
1 true
1 true
1 true
1 true
1 true
1 true
1 true
1 true
1 true
1 true
1 true
1 true
1 true
1 true
1 true
1 true
1 true
1 true
1 true
1 true
1 true
1 true
1 true
1 true
1 true
1 true
1 true
1 true
1 true
1 true
1 true
1 true
1 true
1-2 false
1 true
1 true
1 true
1 true
1 true
1-2 false
1 true
1 true
1 true
1 true
1 true
1 true
1 true
1 true
1 true
1-2 false
1 true
1 true
1 true
1 true
1 true
1 true
1 true
1 true
1 true
1 true
1 true
1 true
1 true
1 true
1 true
1 true
1 true
1 true
1 true
1 true
1 true
1 true
1 true
1 true
1 true
1 true
1 true
1 true
1 true
1 true
1 true
1 true
1 true
1 true
1 true
1-2 false
1 true
1 true
1-2 false
1 true
1 true
1 true
1 true
1 true
1 true
1 true
1 true
1 true
1 true
1 true
1 true
1 true
1 true
1 true
1 true
1 true
1 true
1 true
1 true
1 true
1-2 false
1 true
1 true
1 true
1-2 false
1 true
1 true
1 true
1 true
1 true
1 true
1 true
1 true
1 true
1-2 false
1 true
1-2 false
1 true
1 true
1 true
1 true
1 true
1 true
1 true
1 true
1-2 false
1 true
1 true
1 true
1 true
1 true
1 true
1 true
1 true
1 true
1 true
1 true
1 true
1 true
1 true
1 true
1 true
1 true
1 true
1 true
1 true
1 true
1 true
1 true
1-2 false
1 true
1 true
1 true
1 true
1 true
1 true
1 true
1 true
1 true
1 true
1-2 false
1 true
1 true
1 true
1 true
1 true
1 true
1 true
1 true
1 true
1 true
1 true
1 true
1-2 false
1 true
1 true
1 true
1 true
1 true
1 true
1 true
1 true
1 true
1 true
1 true
1 true
1-2 false
1 true
1 true
1 true
1 true
1 true
1 true
1 true
1 true
1 true
1-2 false
1 true
1 true
1 true
1 true
1 true
1 true
1 true
1 true
1 true
1 true
1 true
1 true
1 true
1 true
1 true
1 true
1 true
1-2 false
1 true
1 true
1 true
1 true
1-2 false
1 true
1-2 false
1 true
1 true
1-2 false
1 true
1 true
1 true
1 true
1-2 false
1 true
1 true
1-2 false
1 true
1 true
1 true
1 true
1 true
1-2 false
1 true
1 true
1-2 false
1 true
1 true
1 true
1 true
1 true
1 true
1 true
1 true
1 true
1 true
1 true
1 true
1 true
1 true
1 true
1 true
1 true
1 true
1 true
1 true
1 true
1 true
1 true
1 true
1 true
1 true
1 true
1 true
1 true
1 true
1 true
1 true
1 true
1 true
1 true
1 true
1 true
1 true
1 true
1 true
1 true
1 true
1-2 false
1 true
1 true
1 true
1 true
1 true
1 true
1 true
1 true
1 true
1 true
1 true
1 true
1 true
1 true
1 true
1 true
1 true
1 true
1 true
1-2 false
1 true
1 true
1 true
1 true
1-2 false
1 true
1 true
1 true
1 true
1 true
1 true
1 true
1-2 false
1 true
1 true
1 true
1-2 false
1 true
1 true
1 true
1 true
1 true
1 true
1 true
1 true
1 true
1 true
1 true
1 true
1 true
1 true
1 true
1 true
1 true
1 true
1 true
1 true
1 true
1 true
1 true
1 true
1 true
1 true
1 true
1 true
1 true
1 true
1 true
1 true
1 true
1 true
1 true
1 true
1 true
1 true
1 true
1 true
1 true
1 true
1 true
1-2 false
1 true
1 true
1-2 false
1 true
1 true
1-2 false
1 true
1 true
1 true
1 true
1 true
1 true
1 true
1 true
1 true
1 true
1 true
1 true
1-2 false
1 true
1 true
1 true
1 true
1 true
1 true
1-2 false
1 true
1 true
1 true
1 true
1 true
1 true
1 true
1 true
1 true
1 true
1 true
1 true
1-2 false
1-2 false
1 true
1 true
1-2 false
1 true
1 true
1 true
1 true
1 true
1 true
1 true
1 true
1 true
1 true
1-2 false
1 true
1 true
1 true
1-2 false
1 true
1 true
1-2 false
1 true
1 true
1 true
1 true
1 true
1 true
1 true
1 true
1 true
1 true
1 true
1 true
1 true
1 true
1 true
1 true
1 true
1 true
1 true
1 true
1 true
1 true
1-2 false
1 true
1 true
1-2 false
1 true
1 true
1 true
1 true
1 true
1 true
1 true
1-2 false
1-2 false
1 true
1 true
1-2 false
1 true
1 true
1 true
1 true
1 true
1 true
1 true
1 true
1 true
1-2 false
1 true
1 true
1 true
1 true
1 true
1-2 false
1 true
1 true
1 true
1 true
1 true
1 true
1 true
1 true
1 true
1 true
1 true
1 true
1 true
1 true
1 true
1 true
1 true
1 true
1 true
1 true
1 true
1 true
1 true
1 true
1 true
1 true
1 true
1 true
1 true
1 true
1 true
1 true
1 true
1 true
1-2 false
1 true
1 true
1 true
1 true
1 true
1 true
1 true
1 true
1 true
1 true
1 true
1 true
1 true
1-2 false
1 true
1 true
1-2 false
1-2 false
1 true
1 true
1 true
1 true
1 true
1 true
1 true
1 true
1 true
1 true
1 true
1 true
1 true
1 true
1 true
1 true
1 true
1 true
1 true
1 true
1 true
1 true
1 true
1 true
1 true
1 true
1 true
1 true
1 true
1 true
1 true
1 true
1-2 false
1 true
1 true
1 true
1-2 false
1 true
1-2 false
1 true
1 true
1 true
1 true
1 true
1-2 false
1 true
1-2 false
1 true
1 true
1 true
1 true
1 true
1 true
1 true
1-2 false
1 true
1 true
1-2 false
1-2 false
1 true
1 true
1 true
1 true
1 true
1 true
1 true
1-2 false
1 true
1 true
1 true
1 true
1 true
1-2 false
1 true
1 true
1-2 false
1 true
1 true
1-2 false
1 true
1 true
1 true
1 true
1 true
1 true
1 true
1 true
1 true
1 true
1 true
1-2 false
1 true
1 true
1 true
1 true
1 true
1 true
1 true
1 true
1-2 false
1 true
1 true
1 true
1 true
1 true
1 true
1 true
1 true
1 true
1 true
1 true
1 true
1 true
1 true
1 true
1 true
1 true
1 true
1 true
1 true
1 true
1 true
1 true
1 true
1 true
1 true
1 true
1 true
1 true
1 true
1 true
1-2 false
1 true
1 true
1 true
1 true
1 true
1 true
1 true
1-2 false
1 true
1 true
1 true
1 true
1 true
1 true
1 true
1 true
1 true
1 true
1 true
1 true
1 true
1 true
1-2 false
1 true
1 true
1 true
1 true
1 true
1 true
1 true
1 true
1 true
1 true
1-2 false
1 true
1 true
1 true
1 true
1 true
1 true
1 true
1 true
1 true
1 true
1 true
1 true
1 true
1 true
1-2 false
1 true
1-2 false
1 true
1 true
1 true
1 true
1 true
1 true
1 true
1-2 false
1 true
1 true
1-2 false
1-2 false
1-2 false
1 true
1 true
1 true
1 true
1 true
1-2 false
1 true
1 true
1 true
1 true
1 true
1 true
1 true
1 true
1-2 false
1 true
1 true
1 true
1 true
1 true
1 true
1 true
1 true
1-2 false
1 true
1 true
1 true
1 true
1 true
1 true
1 true
1 true
1 true
1 true
1 true
1 true
1 true
1 true
1 true
1 true
1 true
1 true
1 true
1 true
1 true
1 true
1-2 false
1-2 false
1 true
1 true
1 true
1-2 false
1 true
1 true
1 true
1 true
1 true
1 true
1 true
1 true
1 true
1 true
1 true
1 true
1 true
1 true
1 true
1 true
1 true
1 true
1 true
1 true
1 true
1 true
1 true
1 true
1 true
1 true
1 true
1 true
1 true
1 true
1 true
1 true
1 true
1 true
1 true
1 true
1 true
1 true
1 true
1 true
1 true
1 true
1 true
1 true
1 true
1 true
1 true
1 true
1-2 false
1 true
1 true
1 true
1 true
1 true
1 true
1 true
1 true
1 true
1 true
1 true
1 true
1 true
1 true
1 true
1 true
1 true
1 true
1 true
1 true
1 true
1 true
1 true
1 true
1-2 false
1 true
1-2 false
1 true
1 true
1 true
1 true
1-2 false
1 true
1 true
1 true
1 true
1 true
1 true
1 true
1 true
1 true
1 true
1 true
1 true
1 true
1 true
1 true
1 true
1 true
1 true
1 true
1 true
1 true
1-2 false
1 true
1 true
1 true
1 true
1-2 false
1 true
1 true
1 true
1 true
1-2 false
1-2 false
1 true
1 true
1 true
1 true
1 true
1 true
1 true
1 true
1 true
1 true
1 true
1 true
1 true
1 true
1 true
1 true
1 true
1 true
1 true
1 true
1 true
1 true
1-2 false
1 true
1 true
1 true
1 true
1 true
1 true
1 true
1 true
1 true
1-2 false
1 true
1 true
1 true
1 true
1 true
1 true
1 true
1 true
1 true
1 true
1 true
1 true
1 true
1-2 false
1 true
1-2 false
1 true
1 true
1 true
1-2 false
1 true
1 true
1 true
1 true
1-2 false
1 true
1-2 false
1 true
1 true
1 true
1 true
1 true
1 true
1 true
1 true
1 true
1 true
1 true
1 true
1 true
1 true
1 true
1 true
1 true
1 true
1 true
1 true
1 true
1 true
1 true
1 true
1 true
1 true
1 true
1 true
1 true
1 true
1 true
1 true
1 true
1 true
1 true
1 true
1 true
1 true
1 true
1 true
1 true
1 true
1-2 false
1 true
1-2 false
1 true
1-2 false
1 true
1 true
1 true
1 true
1 true
1-2 false
1 true
1 true
1 true
1 true
1 true
1 true
1 true
1 true
1 true
1 true
1 true
1 true
1 true
1 true
1 true
1 true
1 true
1-2 false
1 true
1 true
1 true
1 true
1-2 false
1 true
1 true
1 true
1 true
1 true
1 true
1 true
1 true
1 true
1 true
1 true
1 true
1 true
1 true
1 true
1 true
1 true
1 true
1 true
1 true
1 true
1 true
1 true
1 true
1 true
1 true
1 true
1 true
1 true
1 true
1 true
1-2 false
1 true
1 true
1 true
1 true
1 true
1 true
1 true
1 true
1 true
1 true
1 true
1 true
1-2 false
1 true
1 true
1 true
1 true
1 true
1 true
1 true
1 true
1 true
1 true
1 true
1 true
1 true
1 true
1 true
1 true
1 true
1 true
1 true
1 true
1 true
1 true
1 true
1 true
1 true
1 true
1 true
1-2 false
1 true
1 true
1 true
1 true
1-2 false
1 true
1 true
1 true
1 true
1 true
1 true
1 true
1-2 false
1 true
1 true
1 true
1 true
1 true
1 true
1 true
1-2 false
1 true
1 true
1 true
1 true
1 true
1 true
1 true
1 true
1 true
1 true
1 true
1 true
1 true
1 true
1 true
1 true
1 true
1 true
1 true
1 true
1 true
1 true
1 true
1 true
1 true
1-2 false
1 true
1 true
1 true
1 true
1 true
1 true
1 true
1 true
1 true
1 true
1 true
1 true
1 true
1 true
1 true
1 true
1 true
1 true
1 true
1 true
1 true
1 true
1 true
1 true
1 true
1-2 false
1 true
1-2 false
1 true
1-2 false
1 true
1-2 false
1 true
1 true
1 true
1 true
1 true
1 true
1 true
1 true
1 true
1 true
1 true
1 true
1 true
1 true
1 true
1 true
1 true
1 true
1 true
1 true
1-2 false
1 true
1 true
1 true
1 true
1 true
1 true
1 true
1 true
1 true
1-2 false
1 true
1 true
1 true
1 true
1 true
1 true
1-2 false
1 true
1 true
1 true
1 true
1 true
1 true
1 true
1 true
1 true
1 true
1-2 false
1 true
1 true
1 true
1 true
1 true
1 true
1 true
1 true
1 true
1 true
1-2 false
1 true
1 true
1 true
1 true
1 true
1 true
1 true
1 true
1 true
1 true
1 true
1 true
1 true
1 true
1 true
1 true
1 true
1 true
1 true
1 true
1 true
1 true
1 true
1 true
1 true
1 true
1 true
1 true
1 true
1 true
1 true
1 true
1 true
1 true
1 true
1 true
1 true
1 true
1 true
1 true
1 true
1 true
1 true
1 true
1 true
1 true
1 true
1 true
1 true
1 true
1 true
1 true
1 true
1 true
1 true
1 true
1 true
1 true
1 true
1 true
1-2 false
1 true
1 true
1 true
1 true
1 true
1 true
1 true
1 true
1 true
1-2 false
1 true
1 true
1 true
1 true
1 true
1-2 false
1 true
1 true
1 true
1 true
1 true
1 true
1 true
1 true
1 true
1 true
1 true
1 true
1 true
1 true
1-2 false
1 true
1 true
1 true
1 true
1 true
1-2 false
1 true
1 true
1 true
1 true
1 true
1 true
1 true
1 true
1 true
1 true
1 true
1 true
1 true
1 true
1 true
1 true
1 true
1 true
1 true
1 true
1 true
1 true
1 true
1 true
1 true
1 true
1 true
1-2 false
1 true
1 true
1 true
1 true
1 true
1 true
1 true
1 true
1 true
1 true
1 true
1 true
1 true
1 true
1 true
1 true
1 true
1 true
1 true
1 true
1 true
1 true
1 true
1 true
1 true
1 true
1 true
1-2 false
1 true
1 true
1 true
1 true
1 true
1 true
1 true
1 true
1-2 false
1 true
1 true
1-2 false
1 true
1 true
1 true
1 true
1 true
1 true
1 true
1 true
1-2 false
1 true
1 true
1 true
1 true
1 true
1 true
1 true
1 true
1-2 false
1 true
1 true
1 true
1 true
1 true
1 true
1 true
1 true
1 true
1 true
1 true
1 true
1 true
1 true
1 true
1 true
1 true
1 true
1 true
1 true
1 true
1-2 false
1 true
1 true
1 true
1 true
1 true
1 true
1 true
1 true
1 true
1 true
1 true
1-2 false
1 true
1-2 false
1 true
1 true
1 true
1-2 false
1 true
1 true
1 true
1 true
1 true
1 true
1 true
1 true
1 true
1 true
1 true
1 true
1 true
1 true
1-2 false
1 true
1 true
1 true
1 true
1-2 false
1 true
1 true
1 true
1 true
1 true
1 true
1 true
1-2 false
1 true
1 true
1 true
1 true
1 true
1 true
1 true
1 true
1 true
1 true
1 true
1 true
1 true
1 true
1 true
1 true
1 true
1 true
1 true
1 true
1 true
1 true
1 true
1 true
1 true
1 true
1 true
1 true
1 true
1 true
1 true
1-2 false
1 true
1 true
1-2 false
1 true
1-2 false
1 true
1 true
1 true
1 true
1 true
1 true
1 true
1 true
1-2 false
1-2 false
1 true
1 true
1 true
1 true
1 true
1 true
1 true
1 true
1 true
1 true
1 true
1 true
1 true
1-2 false
1-2 false
1 true
1 true
1 true
1 true
1 true
1 true
1 true
1 true
1 true
1-2 false
1 true
1 true
1 true
1 true
1 true
1 true
1 true
1 true
1 true
1 true
1 true
1 true
1 true
1 true
1 true
1 true
1 true
1 true
1 true
1 true
1-2 false
1 true
1 true
1 true
1-2 false
1 true
1 true
1 true
1 true
1 true
1 true
1 true
1 true
1 true
1 true
1 true
1 true
1 true
1 true
1 true
1 true
1 true
1 true
1 true
1 true
1 true
1-2 false
1 true
1 true
1 true
1 true
1 true
1 true
1 true
1 true
1 true
1 true
1 true
1 true
1 true
1 true
1 true
1 true
1 true
1 true
1 true
1 true
1-2 false
1 true
1 true
1 true
1 true
1 true
1 true
1 true
1 true
1 true
1 true
1 true
1 true
1-2 false
1-2 false
1-2 false
1 true
1 true
1 true
1 true
1 true
1 true
1 true
1 true
1 true
1 true
1 true
1 true
1 true
1 true
1 true
1-2 false
1 true
1 true
1-2 false
1-2 false
1 true
1 true
1 true
1 true
1 true
1-2 false
1 true
1 true
1 true
1 true
1 true
1 true
1 true
1 true
1 true
1 true
1 true
1 true
1 true
1 true
1 true
1 true
1 true
1-2 false
1 true
1 true
1-2 false
1 true
1 true
1 true
1 true
1 true
1 true
1-2 false
1 true
1 true
1 true
1 true
1 true
1 true
1 true
1 true
1 true
1 true
1 true
1 true
1 true
1-2 false
1 true
1 true
1 true
1 true
1 true
1 true
1 true
1-2 false
1 true
1 true
1-2 false
1 true
1 true
1 true
1 true
1 true
1 true
1 true
1 true
1 true
1-2 false
1 true
1 true
1 true
1 true
1 true
1 true
1 true
1 true
1 true
1 true
1 true
1 true
1 true
1 true
1 true
1 true
1 true
1 true
1 true
1 true
1 true
1 true
1 true
1-2 false
1 true
1 true
1 true
1 true
1 true
1-2 false
1 true
1 true
1 true
1 true
1 true
1 true
1 true
1 true
1 true
1 true
1 true
1 true
1 true
1 true
1 true
1 true
1 true
1 true
1 true
1 true
1-2 false
1-2 false
1 true
1 true
1 true
1 true
1 true
1 true
1 true
1 true
1 true
1 true
1 true
1 true
1 true
1 true
1 true
1 true
1 true
1 true
1 true
1 true
1 true
1 true
1 true
1 true
1-2 false
1-2 false
1-2 false
1 true
1 true
1 true
1 true
1 true
1 true
1-2 false
1 true
1 true
1 true
1 true
1 true
1 true
1 true
1 true
1 true
1 true
1-2 false
1 true
1 true
1 true
1 true
1 true
1 true
1 true
1 true
1 true
1 true
1 true
1 true
1 true
1 true
1 true
1 true
1 true
1-2 false
1 true
1 true
1 true
1 true
1-2 false
1 true
1 true
1 true
1 true
1 true
1 true
1 true
1-2 false
1 true
1 true
1 true
1 true
1 true
1 true
1 true
1 true
1 true
1-2 false
1 true
1 true
1 true
1 true
1 true
1 true
1 true
1 true
1 true
1 true
1 true
1-2 false
1 true
1 true
1 true
1 true
1 true
1 true
1 true
1-2 false
1 true
1 true
1 true
1 true
1 true
1 true
1 true
1 true
1 true
1 true
1 true
1 true
1 true
1-2 false
1 true
1 true
1-2 false
1 true
1 true
1 true
1 true
1-2 false
1 true
1 true
1 true
1 true
1 true
1 true
1 true
1 true
1 true
1 true
1 true
1 true
1 true
1 true
1 true
1 true
1 true
1 true
1 true
1-2 false
1 true
1-2 false
1-2 false
1 true
1 true
1 true
1 true
1 true
1 true
1 true
1 true
1 true
1 true
1 true
1 true
1 true
1 true
1 true
1 true
1 true
1 true
1 true
1 true
1 true
1 true
1-2 false
1 true
1 true
1 true
1 true
1 true
1 true
1 true
1 true
1 true
1 true
1 true
1 true
1 true
1 true
1 true
1 true
1 true
1 true
1 true
1 true
1 true
1 true
1 true
1 true
1 true
1 true
1 true
1 true
1-2 false
1 true
1 true
1 true
1 true
1 true
1 true
1 true
1 true
1 true
1 true
1 true
1 true
1 true
1 true
1 true
1 true
1 true
1 true
1 true
1-2 false
1 true
1 true
1 true
1 true
1 true
1 true
1 true
1 true
1-2 false
1 true
1 true
1 true
1 true
1 true
1 true
1 true
1 true
1 true
1 true
1 true
1 true
1 true
1 true
1 true
1 true
1 true
1 true
1-2 false
1 true
1 true
1 true
1-2 false
1 true
1 true
1 true
1 true
1 true
1 true
1-2 false
1 true
1 true
1 true
1 true
1 true
1 true
1 true
1 true
1-2 false
1 true
1-2 false
1 true
1 true
1 true
1 true
1 true
1 true
1 true
1 true
1 true
1 true
1 true
1-2 false
1 true
1 true
1-2 false
1 true
1 true
1 true
1-2 false
1 true
1 true
1 true
1 true
1 true
1 true
1 true
1 true
1 true
1 true
1 true
1 true
1 true
1 true
1 true
1 true
1 true
1 true
1 true
1 true
1 true
1 true
1 true
1 true
1 true
1 true
1 true
1 true
1 true
1-2 false
1 true
1 true
1 true
1 true
1 true
1 true
1 true
1 true
1 true
1-2 false
1 true
1 true
1 true
1 true
1 true
1 true
1 true
1 true
1 true
1 true
1 true
1 true
1 true
1 true
1 true
1 true
1 true
1 true
1 true
1 true
1 true
1 true
1 true
1 true
1 true
1 true
1 true
1 true
1-2 false
1 true
1 true
1-2 false
1 true
1 true
1 true
1 true
1 true
1 true
1 true
1 true
1 true
1 true
1 true
1 true
1-2 false
1 true
1 true
1 true
1-2 false
1 true
1 true
1 true
1-2 false
1 true
1 true
1 true
1 true
1 true
1 true
1 true
1 true
1-2 false
1 true
1 true
1 true
1 true
1 true
1 true
1 true
1 true
1 true
1-2 false
1 true
1 true
1 true
1 true
1 true
1 true
1 true
1 true
1 true
1-2 false
1 true
1 true
1 true
1 true
1 true
1 true
1 true
1 true
1 true
1 true
1 true
1 true
1 true
1 true
1 true
1 true
1 true
1 true
1 true
1 true
1 true
1 true
1 true
1 true
1 true
1 true
1 true
1-2 false
1 true
1 true
1 true
1 true
1 true
1 true
1 true
1 true
1 true
1 true
1 true
1 true
1 true
1 true
1 true
1 true
1-2 false
1 true
1 true
1 true
1 true
1 true
1 true
1-2 false
1 true
1 true
1 true
1 true
1 true
1 true
1 true
1 true
1 true
1 true
1 true
1 true
1 true
1 true
1 true
1 true
1 true
1 true
1-2 false
1-2 false
1 true
1 true
1 true
1-2 false
1 true
1 true
1 true
1 true
1 true
1 true
1 true
1 true
1 true
1 true
1 true
1 true
1 true
1 true
1-2 false
1 true
1 true
1-2 false
1 true
1 true
1 true
1 true
1 true
1-2 false
1 true
1 true
1 true
1 true
1 true
1 true
1 true
1 true
1 true
1 true
1 true
1 true
1 true
1 true
1 true
1 true
1 true
1 true
1 true
1 true
1 true
1 true
1 true
1 true
1-2 false
1 true
1 true
1 true
1 true
1 true
1 true
1 true
1 true
1 true
1 true
1 true
1 true
1 true
1 true
1 true
1 true
1 true
1-2 false
1 true
1 true
1 true
1-2 false
1 true
1 true
1-2 false
1 true
1 true
1 true
1-2 false
1 true
1 true
1-2 false
1 true
1 true
1 true
1 true
1 true
1 true
1 true
1 true
1 true
1 true
1 true
1 true
1 true
1 true
1 true
1 true
1 true
1-2 false
1 true
1 true
1 true
1 true
1-2 false
1 true
1-2 false
1 true
1 true
1 true
1 true
1 true
1 true
1-2 false
1 true
1 true
1 true
1 true
1 true
1 true
1 true
1 true
1 true
1 true
1 true
1 true
1 true
1-2 false
1 true
1-2 false
1 true
1 true
1-2 false
1 true
1-2 false
1 true
1 true
1 true
1-2 false
1 true
1 true
1 true
1 true
1 true
1 true
1 true
1 true
1 true
1 true
1 true
1 true
1 true
1 true
1 true
1 true
1 true
1 true
1 true
1 true
1 true
1 true
1 true
1-2 false
1-2 false
1 true
1 true
1-2 false
1 true
1 true
1 true
1 true
1 true
1 true
1 true
1 true
1 true
1 true
1-2 false
1 true
1 true
1 true
1 true
1 true
1 true
1 true
1 true
1 true
1 true
1-2 false
1 true
1-2 false
1 true
1 true
1 true
1 true
1 true
1 true
1 true
1-2 false
1 true
1-2 false
1 true
1 true
1 true
1-2 false
1-2 false
1 true
1 true
1 true
1 true
1 true
1 true
1 true
1 true
1 true
1 true
1 true
1 true
1 true
1 true
1 true
1 true
1 true
1 true
1 true
1 true
1 true
1-2 false
1 true
1 true
1 true
1 true
1 true
1 true
1 true
1 true
1 true
1 true
1 true
1 true
1 true
1 true
1 true
1 true
1 true
1 true
1 true
1 true
1 true
1 true
1 true
1 true
1-2 false
1 true
1 true
1 true
1 true
1-2 false
1 true
1 true
1 true
1 true
1 true
1 true
1 true
1 true
1 true
1 true
1 true
1 true
1 true
1 true
1 true
1 true
1 true
1 true
1 true
1 true
1 true
1-2 false
1 true
1-2 false
1 true
1 true
1 true
1 true
1 true
1 true
1 true
1 true
1 true
1 true
1 true
1 true
1 true
1-2 false
1 true
1 true
1-2 false
1 true
1 true
1 true
1 true
1 true
1 true
1 true
1 true
1 true
1 true
1 true
1 true
1 true
1 true
1 true
1 true
1 true
1 true
1 true
1 true
1 true
1-2 false
1 true
1 true
1 true
1 true
1 true
1 true
1 true
1 true
1 true
1 true
1-2 false
1 true
1 true
1-2 false
1 true
1 true
1 true
1 true
1 true
1-2 false
1 true
1 true
1 true
1 true
1 true
1 true
1 true
1 true
1 true
1 true
1 true
1 true
1 true
1 true
1 true
1 true
1 true
1 true
1-2 false
1 true
1 true
1 true
1 true
1 true
1 true
1 true
1 true
1 true
1 true
1 true
1-2 false
1 true
1 true
1 true
1 true
1 true
1 true
1 true
1 true
1 true
1-2 false
1 true
1 true
1 true
1-2 false
1 true
1 true
1 true
1 true
1 true
1-2 false
1 true
1 true
1 true
1 true
1 true
1 true
1 true
1 true
1 true
1 true
1 true
1 true
1 true
1 true
1 true
1 true
1 true
1 true
1 true
1 true
1 true
1 true
1-2 false
1 true
1 true
1-2 false
1 true
1 true
1 true
1 true
1 true
1 true
1 true
1 true
1 true
1 true
1 true
1-2 false
1 true
1 true
1 true
1 true
1 true
1 true
1 true
1 true
1 true
1 true
1 true
1 true
1 true
1 true
1 true
1 true
1 true
1 true
1 true
1 true
1 true
1 true
1 true
1 true
1 true
1 true
1 true
1 true
1 true
1-2 false
1 true
1 true
1 true
1 true
1 true
1 true
1 true
1 true
1 true
1 true
1 true
1-2 false
1 true
1-2 false
1 true
1 true
1 true
1 true
1 true
1-2 false
1 true
1 true
1 true
1 true
1-2 false
1 true
1 true
1 true
1 true
1 true
1 true
1 true
1 true
1 true
1 true
1 true
1 true
1 true
1 true
1 true
1-2 false
1-2 false
1 true
1 true
1 true
1 true
1 true
1 true
1 true
1 true
1 true
1 true
1 true
1 true
1 true
1 true
1 true
1 true
1 true
1 true
1 true
1 true
1 true
1 true
1-2 false
1 true
1 true
1 true
1 true
1 true
1 true
1 true
1 true
1 true
1 true
1 true
1 true
1 true
1 true
1 true
1 true
1 true
1 true
1 true
1 true
1 true
1 true
1 true
1 true
1 true
1 true
1 true
1-2 false
1 true
1 true
1 true
1 true
1 true
1 true
1-2 false
1 true
1 true
1 true
1 true
1-2 false
1 true
1 true
1 true
1 true
1 true
1 true
1 true
1 true
1 true
1 true
1 true
1 true
1 true
1 true
1 true
1 true
1 true
1 true
1 true
1-2 false
1 true
1 true
1 true
1 true
1 true
1 true
1 true
1 true
1 true
1 true
1-2 false
1-2 false
1 true
1 true
1 true
1 true
1-2 false
1 true
1 true
1 true
1-2 false
1 true
1 true
1 true
1 true
1 true
1-2 false
1 true
1 true
1 true
1 true
1 true
1 true
1-2 false
1 true
1 true
1 true
1 true
1 true
1 true
1 true
1 true
1 true
1 true
1 true
1-2 false
1-2 false
1 true
1 true
1 true
1 true
1 true
1 true
1 true
1 true
1 true
1 true
1-2 false
1 true
1 true
1 true
1 true
1 true
1 true
1 true
1 true
1 true
1 true
1 true
1-2 false
1 true
1 true
1 true
1 true
1 true
1 true
1 true
1 true
1 true
1 true
1 true
1 true
1 true
1 true
1-2 false
1 true
1 true
1 true
1 true
1 true
1 true
1 true
1 true
1 true
1 true
1-2 false
1 true
1-2 false
1 true
1 true
1 true
1 true
1 true
1 true
1-2 false
1-2 false
1 true
1 true
1 true
1 true
1 true
1 true
1 true
1 true
1 true
1 true
1 true
1 true
1 true
1 true
1 true
1 true
1 true
1 true
1 true
1 true
1 true
1 true
1 true
1 true
1 true
1 true
1 true
1 true
1 true
1 true
1 true
1 true
1 true
1 true
1 true
1 true
1 true
1 true
1 true
1-2 false
1 true
1 true
1 true
1 true
1 true
1 true
1 true
1 true
1 true
1 true
1-2 false
1-2 false
1 true
1 true
1 true
1 true
1 true
1-2 false
1 true
1 true
1 true
1 true
1 true
1 true
1 true
1 true
1 true
1 true
1 true
1 true
1 true
1 true
1 true
1 true
1 true
1 true
1 true
1-2 false
1 true
1 true
1 true
1-2 false
1 true
1 true
1 true
1 true
1 true
1 true
1 true
1 true
1 true
1 true
1 true
1 true
1 true
1 true
1 true
1 true
1 true
1 true
1-2 false
1 true
1 true
1-2 false
1 true
1 true
1 true
1 true
1 true
1 true
1 true
1 true
1 true
1 true
1 true
1 true
1 true
1 true
1 true
1 true
1 true
1-2 false
1 true
1 true
1 true
1 true
1 true
1 true
1 true
1 true
1 true
1 true
1 true
1 true
1 true
1 true
1 true
1 true
1 true
1 true
1 true
1 true
1 true
1 true
1 true
1 true
1 true
1 true
1 true
1 true
1 true
1-2 false
1 true
1 true
1 true
1 true
1 true
1 true
1 true
1 true
1 true
1 true
1 true
1 true
1 true
1 true
1 true
1 true
1 true
1 true
1 true
1 true
1 true
1 true
1 true
1 true
1-2 false
1 true
1 true
1 true
1 true
1 true
1-2 false
1 true
1 true
1 true
1 true
1 true
1 true
1 true
1 true
1 true
1 true
1-2 false
1-2 false
1 true
1 true
1 true
1 true
1 true
1 true
1 true
1 true
1 true
1 true
1-2 false
1 true
1 true
1 true
1 true
1 true
1 true
1 true
1 true
1 true
1 true
1-2 false
1 true
1 true
1 true
1 true
1-2 false
1 true
1 true
1 true
1 true
1-2 false
1 true
1 true
1 true
1 true
1 true
1 true
1 true
1 true
1 true
1 true
1 true
1 true
1 true
1 true
1 true
1 true
1 true
1 true
1 true
1 true
1 true
1 true
1 true
1 true
1 true
1 true
1 true
1 true
1-2 false
1 true
1 true
1 true
1 true
1 true
1 true
1 true
1 true
1 true
1 true
1 true
1 true
1 true
1 true
1-2 false
1 true
1 true
1 true
1 true
1-2 false
1 true
1 true
1 true
1 true
1 true
1 true
1 true
1 true
1 true
1 true
1 true
1 true
1 true
1 true
1 true
1 true
1-2 false
1 true
1 true
1 true
1-2 false
1 true
1 true
1 true
1 true
1 true
1 true
1 true
1 true
1 true
1 true
1 true
1-2 false
1 true
1 true
1 true
1 true
1 true
1 true
1 true
1 true
1 true
1 true
1-2 false
1 true
1 true
1 true
1 true
1-2 false
1 true
1 true
1 true
1 true
1-2 false
1 true
1-2 false
1 true
1 true
1 true
1 true
1 true
1 true
1 true
1 true
1 true
1 true
1 true
1 true
1-2 false
1 true
1 true
1 true
1 true
1 true
1 true
1-2 false
1 true
1 true
1 true
1 true
1 true
1-2 false
1 true
1 true
1 true
1 true
1 true
1 true
1 true
1 true
1 true
1 true
1 true
1 true
1 true
1 true
1 true
1 true
1 true
1 true
1 true
1 true
1 true
1 true
1 true
1 true
1 true
1 true
1 true
1 true
1-2 false
1 true
1 true
1 true
1 true
1 true
1 true
1 true
1 true
1 true
1 true
1 true
1 true
1 true
1 true
1-2 false
1 true
1 true
1-2 false
1 true
1 true
1 true
1 true
1 true
1 true
1 true
1 true
1 true
1 true
1 true
1 true
1 true
1 true
1 true
1 true
1 true
1 true
1 true
1-2 false
1 true
1 true
1 true
1-2 false
1 true
1-2 false
1 true
1 true
1 true
1 true
1-2 false
1-2 false
1 true
1 true
1 true
1 true
1 true
1 true
1 true
1 true
1 true
1 true
1 true
1-2 false
1 true
1 true
1 true
1 true
1 true
1 true
1 true
1 true
1 true
1 true
1 true
1 true
1 true
1 true
1 true
1 true
1 true
1 true
1-2 false
1 true
1 true
1 true
1 true
1 true
1-2 false
1 true
1-2 false
1 true
1 true
1 true
1 true
1 true
1 true
1 true
1 true
1 true
1 true
1-2 false
1-2 false
1 true
1 true
1 true
1 true
1 true
1-2 false
1 true
1 true
1 true
1 true
1 true
1-2 false
1 true
1 true
1-2 false
1 true
1 true
1 true
1 true
1 true
1 true
1 true
1 true
1 true
1 true
1 true
1 true
1 true
1 true
1-2 false
1 true
1 true
1 true
1-2 false
1 true
1 true
1 true
1-2 false
1 true
1 true
1 true
1 true
1 true
1 true
1 true
1-2 false
1 true
1 true
1 true
1 true
1 true
1 true
1 true
1 true
1 true
1 true
1-2 false
1 true
1 true
1 true
1 true
1 true
1-2 false
1 true
1 true
1 true
1 true
1 true
1-2 false
1 true
1 true
1 true
1 true
1 true
1-2 false
1 true
1 true
1 true
1 true
1 true
1-2 false
1 true
1 true
1 true
1 true
1 true
1 true
1-2 false
1 true
1-2 false
1-2 false
1 true
1 true
1 true
1 true
1 true
1 true
1 true
1 true
1 true
1 true
1 true
1 true
1 true
1 true
1 true
1 true
1 true
1 true
1 true
1 true
1 true
1 true
1 true
1 true
1 true
1 true
1-2 false
1 true
1 true
1 true
1 true
1 true
1 true
1 true
1 true
1 true
1 true
1 true
1 true
1 true
1 true
1 true
1 true
1 true
1 true
1 true
1 true
1 true
1 true
1 true
1-2 false
1 true
1 true
1 true
1 true
1 true
1 true
1 true
1 true
1 true
1 true
1 true
1 true
1 true
1 true
1 true
1 true
1 true
1 true
1 true
1 true
1 true
1 true
1 true
1 true
1 true
1 true
1-2 false
1 true
1 true
1 true
1 true
1 true
1 true
1 true
1-2 false
1 true
1 true
1 true
1 true
1 true
1-2 false
1 true
1-2 false
1 true
1 true
1 true
1 true
1 true
1 true
1 true
1-2 false
1 true
1-2 false
1 true
1 true
1 true
1 true
1 true
1-2 false
1 true
1 true
1 true
1 true
1 true
1 true
1 true
1 true
1 true
1 true
1 true
1 true
1 true
1 true
1 true
1 true
1 true
1 true
1 true
1 true
1 true
1 true
1 true
1 true
1 true
1 true
1 true
1-2 false
1 true
1 true
1 true
1 true
1 true
1 true
1 true
1 true
1 true
1-2 false
1 true
1 true
1 true
1 true
1 true
1 true
1 true
1 true
1 true
1 true
1 true
1 true
1 true
1 true
1 true
1 true
1 true
1 true
1 true
1 true
1 true
1 true
1 true
1 true
1 true
1 true
1 true
1 true
1-2 false
1 true
1 true
1 true
1 true
1 true
1 true
1 true
1-2 false
1 true
1 true
1 true
1 true
1 true
1 true
1 true
1 true
1 true
1 true
1 true
1 true
1 true
1 true
1 true
1 true
1 true
1 true
1 true
1 true
1 true
1 true
1 true
1 true
1 true
1 true
1 true
1 true
1 true
1 true
1 true
1-2 false
1-2 false
1-2 false
1-2 false
1 true
1 true
1 true
1 true
1 true
1 true
1 true
1 true
1 true
1 true
1 true
1 true
1 true
1 true
1 true
1 true
1-2 false
1 true
1 true
1 true
1 true
1 true
1 true
1 true
1 true
1 true
1 true
1 true
1 true
1 true
1 true
1 true
1 true
1 true
1 true
1 true
1-2 false
1 true
1 true
1 true
1 true
1-2 false
1-2 false
1 true
1-2 false
1 true
1 true
1 true
1 true
1-2 false
1 true
1 true
1 true
1 true
1 true
1 true
1 true
1 true
1 true
1 true
1-2 false
1 true
1-2 false
1-2 false
1 true
1 true
1 true
1 true
1 true
1 true
1 true
1 true
1 true
1 true
1 true
1 true
1 true
1 true
1-2 false
1 true
1 true
1 true
1 true
1 true
1 true
1-2 false
1 true
1 true
1 true
1 true
1 true
1 true
1 true
1 true
1 true
1 true
1 true
1 true
1 true
1 true
1 true
1 true
1 true
1 true
1 true
1 true
1 true
1 true
1 true
1 true
1-2 false
1-2 false
1 true
1 true
1 true
1 true
1 true
1-2 false
1 true
1 true
1 true
1 true
1 true
1 true
1 true
1 true
1 true
1 true
1 true
1 true
1 true
1 true
1 true
1 true
1 true
1 true
1 true
1 true
1 true
1-2 false
1 true
1 true
1-2 false
1-2 false
1 true
1 true
1 true
1 true
1 true
1 true
1 true
1 true
1 true
1 true
1 true
1-2 false
1 true
1 true
1 true
1 true
1 true
1 true
1 true
1 true
1 true
1 true
1 true
1 true
1 true
1 true
1 true
1 true
1 true
1 true
1 true
1 true
1 true
1 true
1 true
1 true
1-2 false
1 true
1 true
1 true
1 true
1 true
1 true
1 true
1 true
1 true
1 true
1 true
1 true
1 true
1 true
1 true
1 true
1 true
1 true
1 true
1 true
1 true
1 true
1 true
1 true
1 true
1 true
1 true
1 true
1 true
1 true
1 true
1 true
1 true
1 true
1 true
1 true
1 true
1 true
1 true
1 true
1 true
1 true
1 true
1 true
1 true
1 true
1 true
1 true
1-2 false
1 true
1-2 false
1 true
1 true
1 true
1 true
1 true
1 true
1 true
1 true
1 true
1 true
1 true
1 true
1 true
1 true
1 true
1 true
1 true
1 true
1 true
1 true
1 true
1 true
1 true
1 true
1-2 false
1 true
1 true
1 true
1 true
1 true
1 true
1 true
1 true
1 true
1 true
1 true
1 true
1 true
1 true
1-2 false
1 true
1 true
1 true
1 true
1 true
1 true
1 true
1-2 false
1 true
1 true
1 true
1 true
1 true
1 true
1 true
1 true
1 true
1 true
1 true
1 true
1 true
1-2 false
1 true
1 true
1 true
1 true
1 true
1 true
1 true
1-2 false
1-2 false
1 true
1 true
1 true
1 true
1 true
1 true
1 true
1 true
1 true
1 true
1 true
1 true
1 true
1 true
1 true
1 true
1 true
1 true
1 true
1 true
1 true
1-2 false
1 true
1 true
1 true
1 true
1 true
1 true
1 true
1 true
1 true
1-2 false
1 true
1 true
1 true
1 true
1 true
1 true
1 true
1 true
1-2 false
1 true
1 true
1-2 false
1 true
1 true
1 true
1 true
1 true
1 true
1 true
1 true
1 true
1 true
1 true
1 true
1-2 false
1 true
1 true
1 true
1 true
1 true
1 true
1 true
1 true
1 true
1 true
1 true
1 true
1 true
1 true
1-2 false
1 true
1 true
1 true
1 true
1 true
1 true
1 true
1-2 false
1 true
1 true
1 true
1 true
1 true
1 true
1 true
1 true
1 true
1 true
1 true
1 true
1 true
1 true
1 true
1 true
1 true
1 true
1 true
1 true
1 true
1 true
1 true
1 true
1 true
1-2 false
1 true
1-2 false
1 true
1 true
1-2 false
1-2 false
1-2 false
1 true
1 true
1 true
1 true
1 true
1 true
1 true
1 true
1 true
1 true
1 true
1 true
1 true
1 true
1 true
1 true
1 true
1 true
1 true
1 true
1 true
1 true
1 true
1 true
1 true
1 true
1 true
1 true
1 true
1 true
1 true
1 true
1 true
1 true
1 true
1 true
1 true
1 true
1 true
1-2 false
1 true
1 true
1 true
1 true
1 true
1 true
1 true
1 true
1 true
1 true
1 true
1 true
1 true
1-2 false
1 true
1 true
1 true
1 true
1 true
1 true
1 true
1 true
1 true
1 true
1-2 false
1-2 false
1 true
1 true
1 true
1-2 false
1 true
1 true
1 true
1 true
1 true
1 true
1 true
1 true
1 true
1 true
1 true
1 true
1 true
1 true
1 true
1 true
1 true
1 true
1 true
1 true
1 true
1 true
1 true
1 true
1 true
1 true
1 true
1 true
1 true
1 true
1 true
1 true
1 true
1 true
1 true
1 true
1 true
1 true
1 true
1 true
1-2 false
1 true
1 true
1 true
1 true
1 true
1 true
1 true
1 true
1 true
1 true
1 true
1 true
1 true
1 true
1 true
1 true
1 true
1 true
1 true
1 true
1 true
1 true
1 true
1-2 false
1 true
1-2 false
1 true
1 true
1 true
1 true
1 true
1 true
1 true
1 true
1 true
1-2 false
1 true
1 true
1 true
1 true
1 true
1-2 false
1 true
1 true
1 true
1 true
1 true
1 true
1 true
1-2 false
1-2 false
1 true
1 true
1 true
1 true
1 true
1 true
1 true
1 true
1 true
1 true
1 true
1 true
1-2 false
1-2 false
1 true
1 true
1 true
1 true
1 true
1 true
1 true
1 true
1 true
1-2 false
1 true
1 true
1 true
1 true
1 true
1 true
1 true
1 true
1 true
1 true
1 true
1 true
1 true
1 true
1 true
1 true
1 true
1 true
1 true
1 true
1 true
1-2 false
1 true
1 true
1 true
1 true
1 true
1 true
1 true
1-2 false
1 true
1 true
1 true
1-2 false
1 true
1 true
1 true
1 true
1 true
1 true
1 true
1 true
1 true
1 true
1 true
1 true
1-2 false
1 true
1-2 false
1 true
1 true
1-2 false
1 true
1 true
1 true
1 true
1 true
1 true
1 true
1-2 false
1 true
1 true
1 true
1 true
1 true
1 true
1 true
1 true
1 true
1 true
1 true
1 true
1 true
1 true
1 true
1 true
1 true
1 true
1 true
1 true
1 true
1 true
